
> vite_react_shadcn_ts@0.0.0 build
> vite build

[36mvite v5.4.19 [32mbuilding for production...[36m[39m
transforming...
node.exe : Browserslist:
 browsers data (caniuse-
lite) is 8 months old. P
lease run:
At line:1 char:1
+ & "C:\Program Files\no
dejs/node.exe" "C:\Progr
am Files\nodejs/node_mo 
...
+ ~~~~~~~~~~~~~~~~~~~~~~
~~~~~~~~~~~~~~~~~~~~~~~~
~~~~~~~~~~~~~~~~~~~~~~~
    + CategoryInfo      
        : NotSpecified  
  : (Browserslist: b.   
 ..ld. Please run::S    
tring) [], RemoteEx    c
eption
    + FullyQualifiedErr 
   orId : NativeComman  
  dError
 
  npx update-browserslis
t-db@latest
  Why you should do it r
egularly: https://github
.com/browserslist/update
-db#readme
[32mÔ£ô[39m 2984 modules transformed.
rendering chunks...
computing gzip size...
[2mdist/[22m[32mindex.html                          [39m[1m[2m    1.39 kB[22m[1m[22m[2m Ôöé gzip:   0.53 kB[22m
[2mdist/[22m[35massets/index-BosGflKY.css           [39m[1m[2m   80.54 kB[22m[1m[22m[2m Ôöé gzip:  13.42 kB[22m
[2mdist/[22m[36massets/purify.es-C5KSVp3G.js        [39m[1m[2m   22.74 kB[22m[1m[22m[2m Ôöé gzip:   8.79 kB[22m
[2mdist/[22m[36massets/index.es-BOw-i3iW.js         [39m[1m[2m  150.58 kB[22m[1m[22m[2m Ôöé gzip:  51.53 kB[22m
[2mdist/[22m[36massets/html2canvas.esm-CBrSDip1.js  [39m[1m[2m  201.42 kB[22m[1m[22m[2m Ôöé gzip:  48.03 kB[22m
[2mdist/[22m[36massets/index-QCgKvkU2.js            [39m[1m[33m1,145.00 kB[39m[22m[2m Ôöé gzip: 353.42 kB[22m
[33m
(!) Some chunks are larg
er than 500 kB after min
ification. Consider:
- Using dynamic import()
 to code-split the appli
cation
- Use build.rollupOption
s.output.manualChunks to
 improve chunking: https
://rollupjs.org/configur
ation-options/#output-ma
nualchunks
- Adjust chunk size limi
t for this warning via b
uild.chunkSizeWarningLim
it.[39m
[32mÔ£ô built in 6.09s[39m
